Archive member included to satisfy reference by file (symbol)

/opt/st/stm32cubeide_1.14.0/plugins/com.st.stm32cube.ide.mcu.externaltools.gnu-tools-for-stm32.11.3.rel1.linux64_1.1.100.202309141235/tools/bin/../lib/gcc/arm-none-eabi/11.3.1/../../../../arm-none-eabi/lib/thumb/v7e-m/nofp/libc_nano.a(libc_a-exit.o)
                              /opt/st/stm32cubeide_1.14.0/plugins/com.st.stm32cube.ide.mcu.externaltools.gnu-tools-for-stm32.11.3.rel1.linux64_1.1.100.202309141235/tools/bin/../lib/gcc/arm-none-eabi/11.3.1/../../../../arm-none-eabi/lib/thumb/v7e-m/nofp/crt0.o (exit)
/opt/st/stm32cubeide_1.14.0/plugins/com.st.stm32cube.ide.mcu.externaltools.gnu-tools-for-stm32.11.3.rel1.linux64_1.1.100.202309141235/tools/bin/../lib/gcc/arm-none-eabi/11.3.1/../../../../arm-none-eabi/lib/thumb/v7e-m/nofp/libc_nano.a(libc_a-findfp.o)
                              /opt/st/stm32cubeide_1.14.0/plugins/com.st.stm32cube.ide.mcu.externaltools.gnu-tools-for-stm32.11.3.rel1.linux64_1.1.100.202309141235/tools/bin/../lib/gcc/arm-none-eabi/11.3.1/../../../../arm-none-eabi/lib/thumb/v7e-m/nofp/libc_nano.a(libc_a-exit.o) (__stdio_exit_handler)
/opt/st/stm32cubeide_1.14.0/plugins/com.st.stm32cube.ide.mcu.externaltools.gnu-tools-for-stm32.11.3.rel1.linux64_1.1.100.202309141235/tools/bin/../lib/gcc/arm-none-eabi/11.3.1/../../../../arm-none-eabi/lib/thumb/v7e-m/nofp/libc_nano.a(libc_a-fwalk.o)
                              /opt/st/stm32cubeide_1.14.0/plugins/com.st.stm32cube.ide.mcu.externaltools.gnu-tools-for-stm32.11.3.rel1.linux64_1.1.100.202309141235/tools/bin/../lib/gcc/arm-none-eabi/11.3.1/../../../../arm-none-eabi/lib/thumb/v7e-m/nofp/libc_nano.a(libc_a-findfp.o) (_fwalk_sglue)
/opt/st/stm32cubeide_1.14.0/plugins/com.st.stm32cube.ide.mcu.externaltools.gnu-tools-for-stm32.11.3.rel1.linux64_1.1.100.202309141235/tools/bin/../lib/gcc/arm-none-eabi/11.3.1/../../../../arm-none-eabi/lib/thumb/v7e-m/nofp/libc_nano.a(libc_a-stdio.o)
                              /opt/st/stm32cubeide_1.14.0/plugins/com.st.stm32cube.ide.mcu.externaltools.gnu-tools-for-stm32.11.3.rel1.linux64_1.1.100.202309141235/tools/bin/../lib/gcc/arm-none-eabi/11.3.1/../../../../arm-none-eabi/lib/thumb/v7e-m/nofp/libc_nano.a(libc_a-findfp.o) (__sread)
/opt/st/stm32cubeide_1.14.0/plugins/com.st.stm32cube.ide.mcu.externaltools.gnu-tools-for-stm32.11.3.rel1.linux64_1.1.100.202309141235/tools/bin/../lib/gcc/arm-none-eabi/11.3.1/../../../../arm-none-eabi/lib/thumb/v7e-m/nofp/libc_nano.a(libc_a-memset.o)
                              /opt/st/stm32cubeide_1.14.0/plugins/com.st.stm32cube.ide.mcu.externaltools.gnu-tools-for-stm32.11.3.rel1.linux64_1.1.100.202309141235/tools/bin/../lib/gcc/arm-none-eabi/11.3.1/../../../../arm-none-eabi/lib/thumb/v7e-m/nofp/crt0.o (memset)
/opt/st/stm32cubeide_1.14.0/plugins/com.st.stm32cube.ide.mcu.externaltools.gnu-tools-for-stm32.11.3.rel1.linux64_1.1.100.202309141235/tools/bin/../lib/gcc/arm-none-eabi/11.3.1/../../../../arm-none-eabi/lib/thumb/v7e-m/nofp/libc_nano.a(libc_a-closer.o)
                              /opt/st/stm32cubeide_1.14.0/plugins/com.st.stm32cube.ide.mcu.externaltools.gnu-tools-for-stm32.11.3.rel1.linux64_1.1.100.202309141235/tools/bin/../lib/gcc/arm-none-eabi/11.3.1/../../../../arm-none-eabi/lib/thumb/v7e-m/nofp/libc_nano.a(libc_a-stdio.o) (_close_r)
/opt/st/stm32cubeide_1.14.0/plugins/com.st.stm32cube.ide.mcu.externaltools.gnu-tools-for-stm32.11.3.rel1.linux64_1.1.100.202309141235/tools/bin/../lib/gcc/arm-none-eabi/11.3.1/../../../../arm-none-eabi/lib/thumb/v7e-m/nofp/libc_nano.a(libc_a-reent.o)
                              /opt/st/stm32cubeide_1.14.0/plugins/com.st.stm32cube.ide.mcu.externaltools.gnu-tools-for-stm32.11.3.rel1.linux64_1.1.100.202309141235/tools/bin/../lib/gcc/arm-none-eabi/11.3.1/../../../../arm-none-eabi/lib/thumb/v7e-m/nofp/libc_nano.a(libc_a-closer.o) (errno)
/opt/st/stm32cubeide_1.14.0/plugins/com.st.stm32cube.ide.mcu.externaltools.gnu-tools-for-stm32.11.3.rel1.linux64_1.1.100.202309141235/tools/bin/../lib/gcc/arm-none-eabi/11.3.1/../../../../arm-none-eabi/lib/thumb/v7e-m/nofp/libc_nano.a(libc_a-impure.o)
                              /opt/st/stm32cubeide_1.14.0/plugins/com.st.stm32cube.ide.mcu.externaltools.gnu-tools-for-stm32.11.3.rel1.linux64_1.1.100.202309141235/tools/bin/../lib/gcc/arm-none-eabi/11.3.1/../../../../arm-none-eabi/lib/thumb/v7e-m/nofp/libc_nano.a(libc_a-reent.o) (_impure_ptr)
/opt/st/stm32cubeide_1.14.0/plugins/com.st.stm32cube.ide.mcu.externaltools.gnu-tools-for-stm32.11.3.rel1.linux64_1.1.100.202309141235/tools/bin/../lib/gcc/arm-none-eabi/11.3.1/../../../../arm-none-eabi/lib/thumb/v7e-m/nofp/libc_nano.a(libc_a-lseekr.o)
                              /opt/st/stm32cubeide_1.14.0/plugins/com.st.stm32cube.ide.mcu.externaltools.gnu-tools-for-stm32.11.3.rel1.linux64_1.1.100.202309141235/tools/bin/../lib/gcc/arm-none-eabi/11.3.1/../../../../arm-none-eabi/lib/thumb/v7e-m/nofp/libc_nano.a(libc_a-stdio.o) (_lseek_r)
[...]
Memory Configuration

Name             Origin             Length             Attributes
RAM              0x0000000020000000 0x0000000000020000 xrw
FLASH            0x0000000008000000 0x0000000000080000 xr
*default*        0x0000000000000000 0xffffffffffffffff

Linker script and memory map

LOAD /opt/st/stm32cubeide_1.14.0/plugins/com.st.stm32cube.ide.mcu.externaltools.gnu-tools-for-stm32.11.3.rel1.linux64_1.1.100.202309141235/tools/bin/../lib/gcc/arm-none-eabi/11.3.1/thumb/v7e-m/nofp/crti.o
LOAD /opt/st/stm32cubeide_1.14.0/plugins/com.st.stm32cube.ide.mcu.externaltools.gnu-tools-for-stm32.11.3.rel1.linux64_1.1.100.202309141235/tools/bin/../lib/gcc/arm-none-eabi/11.3.1/thumb/v7e-m/nofp/crtbegin.o
LOAD /opt/st/stm32cubeide_1.14.0/plugins/com.st.stm32cube.ide.mcu.externaltools.gnu-tools-for-stm32.11.3.rel1.linux64_1.1.100.202309141235/tools/bin/../lib/gcc/arm-none-eabi/11.3.1/../../../../arm-none-eabi/lib/thumb/v7e-m/nofp/crt0.o
LOAD ./Drivers/Src/stm32f446xx_gpio_driver.o
LOAD ./Src/002LED_with_Button.o
LOAD ./Src/syscalls.o
LOAD ./Src/sysmem.o
LOAD ./Startup/startup_stm32f446retx.o
START GROUP
LOAD /opt/st/stm32cubeide_1.14.0/plugins/com.st.stm32cube.ide.mcu.externaltools.gnu-tools-for-stm32.11.3.rel1.linux64_1.1.100.202309141235/tools/bin/../lib/gcc/arm-none-eabi/11.3.1/../../../../arm-none-eabi/lib/thumb/v7e-m/nofp/libc_nano.a
LOAD /opt/st/stm32cubeide_1.14.0/plugins/com.st.stm32cube.ide.mcu.externaltools.gnu-tools-for-stm32.11.3.rel1.linux64_1.1.100.202309141235/tools/bin/../lib/gcc/arm-none-eabi/11.3.1/../../../../arm-none-eabi/lib/thumb/v7e-m/nofp/libm.a
END GROUP
START GROUP
LOAD /opt/st/stm32cubeide_1.14.0/plugins/com.st.stm32cube.ide.mcu.externaltools.gnu-tools-for-stm32.11.3.rel1.linux64_1.1.100.202309141235/tools/bin/../lib/gcc/arm-none-eabi/11.3.1/thumb/v7e-m/nofp/libgcc.a
LOAD /opt/st/stm32cubeide_1.14.0/plugins/com.st.stm32cube.ide.mcu.externaltools.gnu-tools-for-stm32.11.3.rel1.linux64_1.1.100.202309141235/tools/bin/../lib/gcc/arm-none-eabi/11.3.1/../../../../arm-none-eabi/lib/thumb/v7e-m/nofp/libc_nano.a
END GROUP
START GROUP
LOAD /opt/st/stm32cubeide_1.14.0/plugins/com.st.stm32cube.ide.mcu.externaltools.gnu-tools-for-stm32.11.3.rel1.linux64_1.1.100.202309141235/tools/bin/../lib/gcc/arm-none-eabi/11.3.1/thumb/v7e-m/nofp/libgcc.a
LOAD /opt/st/stm32cubeide_1.14.0/plugins/com.st.stm32cube.ide.mcu.externaltools.gnu-tools-for-stm32.11.3.rel1.linux64_1.1.100.202309141235/tools/bin/../lib/gcc/arm-none-eabi/11.3.1/../../../../arm-none-eabi/lib/thumb/v7e-m/nofp/libc_nano.a
LOAD /opt/st/stm32cubeide_1.14.0/plugins/com.st.stm32cube.ide.mcu.externaltools.gnu-tools-for-stm32.11.3.rel1.linux64_1.1.100.202309141235/tools/bin/../lib/gcc/arm-none-eabi/11.3.1/../../../../arm-none-eabi/lib/thumb/v7e-m/nofp/libnosys.a
END GROUP
START GROUP
LOAD /opt/st/stm32cubeide_1.14.0/plugins/com.st.stm32cube.ide.mcu.externaltools.gnu-tools-for-stm32.11.3.rel1.linux64_1.1.100.202309141235/tools/bin/../lib/gcc/arm-none-eabi/11.3.1/thumb/v7e-m/nofp/libgcc.a
LOAD /opt/st/stm32cubeide_1.14.0/plugins/com.st.stm32cube.ide.mcu.externaltools.gnu-tools-for-stm32.11.3.rel1.linux64_1.1.100.202309141235/tools/bin/../lib/gcc/arm-none-eabi/11.3.1/../../../../arm-none-eabi/lib/thumb/v7e-m/nofp/libc_nano.a
LOAD /opt/st/stm32cubeide_1.14.0/plugins/com.st.stm32cube.ide.mcu.externaltools.gnu-tools-for-stm32.11.3.rel1.linux64_1.1.100.202309141235/tools/bin/../lib/gcc/arm-none-eabi/11.3.1/../../../../arm-none-eabi/lib/thumb/v7e-m/nofp/libnosys.a
END GROUP
LOAD /opt/st/stm32cubeide_1.14.0/plugins/com.st.stm32cube.ide.mcu.externaltools.gnu-tools-for-stm32.11.3.rel1.linux64_1.1.100.202309141235/tools/bin/../lib/gcc/arm-none-eabi/11.3.1/thumb/v7e-m/nofp/crtend.o
LOAD /opt/st/stm32cubeide_1.14.0/plugins/com.st.stm32cube.ide.mcu.externaltools.gnu-tools-for-stm32.11.3.rel1.linux64_1.1.100.202309141235/tools/bin/../lib/gcc/arm-none-eabi/11.3.1/thumb/v7e-m/nofp/crtn.o
                0x0000000020020000                _estack = (ORIGIN (RAM) + LENGTH (RAM))
                0x0000000000000200                _Min_Heap_Size = 0x200
                0x0000000000000400                _Min_Stack_Size = 0x400

.isr_vector     0x0000000008000000      0x1c4
                0x0000000008000000                . = ALIGN (0x4)
 *(.isr_vector)
 .isr_vector    0x0000000008000000      0x1c4 ./Startup/startup_stm32f446retx.o
                0x0000000008000000                g_pfnVectors
                0x00000000080001c4                . = ALIGN (0x4)

.text           0x00000000080001c4      0x66c
                0x00000000080001c4                . = ALIGN (0x4)
 *(.text)
 .text          0x00000000080001c4       0x40 /opt/st/stm32cubeide_1.14.0/plugins/com.st.stm32cube.ide.mcu.externaltools.gnu-tools-for-stm32.11.3.rel1.linux64_1.1.100.202309141235/tools/bin/../lib/gcc/arm-none-eabi/11.3.1/thumb/v7e-m/nofp/crtbegin.o
 *(.text*)
 .text.GPIO_PeripheralClkCtrl
                0x0000000008000204      0x1a0 ./Drivers/Src/stm32f446xx_gpio_driver.o
                0x0000000008000204                GPIO_PeripheralClkCtrl
 .text.GPIO_Inint
                0x00000000080003a4      0x2e8 ./Drivers/Src/stm32f446xx_gpio_driver.o
                0x00000000080003a4                GPIO_Inint
 .text.GPIO_ReadFromInputPin
                0x000000000800068c       0x28 ./Drivers/Src/stm32f446xx_gpio_driver.o
                0x000000000800068c                GPIO_ReadFromInputPin
 .text.GPIO_ToggleOutputPin
                0x00000000080006b4       0x28 ./Drivers/Src/stm32f446xx_gpio_driver.o
                0x00000000080006b4                GPIO_ToggleOutputPin
 .text.buttonDebouncedelay
                0x00000000080006dc       0x2c ./Src/002LED_with_Button.o
                0x00000000080006dc                buttonDebouncedelay
 .text.main     0x0000000008000708       0x74 ./Src/002LED_with_Button.o
                0x0000000008000708                main
 .text.Reset_Handler
                0x000000000800077c       0x50 ./Startup/startup_stm32f446retx.o
                0x000000000800077c                Reset_Handler
 .text.Default_Handler
                0x00000000080007cc        0x2 ./Startup/startup_stm32f446retx.o
                0x00000000080007cc                RTC_Alarm_IRQHandler
                0x00000000080007cc                EXTI2_IRQHandler
                0x00000000080007cc                TIM8_CC_IRQHandler
                0x00000000080007cc                SPDIF_Rx_IRQHandler
                0x00000000080007cc                DebugMon_Handler
                0x00000000080007cc                SPI4_IRQHandler
                0x00000000080007cc                TIM1_CC_IRQHandler
                0x00000000080007cc                QuadSPI_IRQHandler
                0x00000000080007cc                DMA2_Stream5_IRQHandler
                0x00000000080007cc                HardFault_Handler
                0x00000000080007cc                DMA1_Stream5_IRQHandler
                0x00000000080007cc                SysTick_Handler
                0x00000000080007cc                PVD_IRQHandler
                0x00000000080007cc                SDIO_IRQHandler
                0x00000000080007cc                TAMP_STAMP_IRQHandler
                0x00000000080007cc                PendSV_Handler
                0x00000000080007cc                NMI_Handler
                0x00000000080007cc                CAN2_RX1_IRQHandler
                0x00000000080007cc                EXTI3_IRQHandler
                0x00000000080007cc                TIM8_TRG_COM_TIM14_IRQHandler
                0x00000000080007cc                TIM1_UP_TIM10_IRQHandler
                0x00000000080007cc                FMPI2C1_error_IRQHandler
                0x00000000080007cc                TIM8_UP_TIM13_IRQHandler
                0x00000000080007cc                I2C3_ER_IRQHandler
                0x00000000080007cc                EXTI0_IRQHandler
                0x00000000080007cc                I2C2_EV_IRQHandler
                0x00000000080007cc                DMA1_Stream2_IRQHandler
                0x00000000080007cc                CAN1_RX0_IRQHandler
                0x00000000080007cc                OTG_HS_WKUP_IRQHandler
                0x00000000080007cc                UsageFault_Handler
                0x00000000080007cc                CAN2_SCE_IRQHandler
                0x00000000080007cc                DMA2_Stream2_IRQHandler
                0x00000000080007cc                SPI1_IRQHandler
                0x00000000080007cc                TIM6_DAC_IRQHandler
                0x00000000080007cc                TIM1_BRK_TIM9_IRQHandler
                0x00000000080007cc                DCMI_IRQHandler
                0x00000000080007cc                CAN2_RX0_IRQHandler
                0x00000000080007cc                DMA2_Stream3_IRQHandler
                0x00000000080007cc                FMPI2C1_IRQHandler
                0x00000000080007cc                SAI2_IRQHandler
                0x00000000080007cc                USART6_IRQHandler
                0x00000000080007cc                USART3_IRQHandler
                0x00000000080007cc                CAN1_RX1_IRQHandler
                0x00000000080007cc                UART5_IRQHandler
                0x00000000080007cc                DMA2_Stream0_IRQHandler
                0x00000000080007cc                TIM4_IRQHandler
                0x00000000080007cc                I2C1_EV_IRQHandler
                0x00000000080007cc                HDMI_CEC_IRQHandler
                0x00000000080007cc                DMA1_Stream6_IRQHandler
                0x00000000080007cc                DMA1_Stream1_IRQHandler
                0x00000000080007cc                UART4_IRQHandler
                0x00000000080007cc                TIM3_IRQHandler
                0x00000000080007cc                RCC_IRQHandler
                0x00000000080007cc                TIM8_BRK_TIM12_IRQHandler
                0x00000000080007cc                Default_Handler
                0x00000000080007cc                EXTI15_10_IRQHandler
                0x00000000080007cc                ADC_IRQHandler
                0x00000000080007cc                DMA1_Stream7_IRQHandler
                0x00000000080007cc                TIM7_IRQHandler
                0x00000000080007cc                CAN2_TX_IRQHandler
                0x00000000080007cc                TIM5_IRQHandler
                0x00000000080007cc                DMA2_Stream7_IRQHandler
                0x00000000080007cc                I2C3_EV_IRQHandler
                0x00000000080007cc                EXTI9_5_IRQHandler
                0x00000000080007cc                RTC_WKUP_IRQHandler
                0x00000000080007cc                SPI2_IRQHandler
                0x00000000080007cc                OTG_HS_EP1_IN_IRQHandler
                0x00000000080007cc                MemManage_Handler
                0x00000000080007cc                DMA1_Stream0_IRQHandler
                0x00000000080007cc                CAN1_TX_IRQHandler
                0x00000000080007cc                SVC_Handler
                0x00000000080007cc                EXTI4_IRQHandler
                0x00000000080007cc                OTG_HS_EP1_OUT_IRQHandler
                0x00000000080007cc                WWDG_IRQHandler
                0x00000000080007cc                TIM2_IRQHandler
                0x00000000080007cc                OTG_FS_WKUP_IRQHandler
                0x00000000080007cc                TIM1_TRG_COM_TIM11_IRQHandler
                0x00000000080007cc                OTG_HS_IRQHandler
                0x00000000080007cc                EXTI1_IRQHandler
                0x00000000080007cc                USART2_IRQHandler
                0x00000000080007cc                I2C2_ER_IRQHandler
                0x00000000080007cc                DMA2_Stream1_IRQHandler
                0x00000000080007cc                CAN1_SCE_IRQHandler
                0x00000000080007cc                FLASH_IRQHandler
                0x00000000080007cc                DMA2_Stream4_IRQHandler
                0x00000000080007cc                BusFault_Handler
                0x00000000080007cc                USART1_IRQHandler
                0x00000000080007cc                OTG_FS_IRQHandler
                0x00000000080007cc                SPI3_IRQHandler
                0x00000000080007cc                DMA1_Stream4_IRQHandler
                0x00000000080007cc                I2C1_ER_IRQHandler
                0x00000000080007cc                FMC_IRQHandler
                0x00000000080007cc                DMA2_Stream6_IRQHandler
                0x00000000080007cc                SAI1_IRQHandler
                0x00000000080007cc                DMA1_Stream3_IRQHandler
 *fill*         0x00000000080007ce        0x2 
 .text.__libc_init_array
                0x00000000080007d0       0x48 /opt/st/stm32cubeide_1.14.0/plugins/com.st.stm32cube.ide.mcu.externaltools.gnu-tools-for-stm32.11.3.rel1.linux64_1.1.100.202309141235/tools/bin/../lib/gcc/arm-none-eabi/11.3.1/../../../../arm-none-eabi/lib/thumb/v7e-m/nofp/libc_nano.a(libc_a-init.o)
                0x00000000080007d0                __libc_init_array
 *(.glue_7)
 .glue_7        0x0000000008000818        0x0 linker stubs
 *(.glue_7t)
 .glue_7t       0x0000000008000818        0x0 linker stubs
 *(.eh_frame)
 .eh_frame      0x0000000008000818        0x0 /opt/st/stm32cubeide_1.14.0/plugins/com.st.stm32cube.ide.mcu.externaltools.gnu-tools-for-stm32.11.3.rel1.linux64_1.1.100.202309141235/tools/bin/../lib/gcc/arm-none-eabi/11.3.1/thumb/v7e-m/nofp/crtbegin.o
 *(.init)
 .init          0x0000000008000818        0x4 /opt/st/stm32cubeide_1.14.0/plugins/com.st.stm32cube.ide.mcu.externaltools.gnu-tools-for-stm32.11.3.rel1.linux64_1.1.100.202309141235/tools/bin/../lib/gcc/arm-none-eabi/11.3.1/thumb/v7e-m/nofp/crti.o
                0x0000000008000818                _init
 .init          0x000000000800081c        0x8 /opt/st/stm32cubeide_1.14.0/plugins/com.st.stm32cube.ide.mcu.externaltools.gnu-tools-for-stm32.11.3.rel1.linux64_1.1.100.202309141235/tools/bin/../lib/gcc/arm-none-eabi/11.3.1/thumb/v7e-m/nofp/crtn.o
 *(.fini)
 .fini          0x0000000008000824        0x4 /opt/st/stm32cubeide_1.14.0/plugins/com.st.stm32cube.ide.mcu.externaltools.gnu-tools-for-stm32.11.3.rel1.linux64_1.1.100.202309141235/tools/bin/../lib/gcc/arm-none-eabi/11.3.1/thumb/v7e-m/nofp/crti.o
                0x0000000008000824                _fini
 .fini          0x0000000008000828        0x8 /opt/st/stm32cubeide_1.14.0/plugins/com.st.stm32cube.ide.mcu.externaltools.gnu-tools-for-stm32.11.3.rel1.linux64_1.1.100.202309141235/tools/bin/../lib/gcc/arm-none-eabi/11.3.1/thumb/v7e-m/nofp/crtn.o
                0x0000000008000830                . = ALIGN (0x4)
                0x0000000008000830                _etext = .

.vfp11_veneer   0x0000000008000830        0x0
 .vfp11_veneer  0x0000000008000830        0x0 linker stubs

.v4_bx          0x0000000008000830        0x0
 .v4_bx         0x0000000008000830        0x0 linker stubs

.iplt           0x0000000008000830        0x0
 .iplt          0x0000000008000830        0x0 /opt/st/stm32cubeide_1.14.0/plugins/com.st.stm32cube.ide.mcu.externaltools.gnu-tools-for-stm32.11.3.rel1.linux64_1.1.100.202309141235/tools/bin/../lib/gcc/arm-none-eabi/11.3.1/thumb/v7e-m/nofp/crtbegin.o

.rel.dyn        0x0000000008000830        0x0
 .rel.iplt      0x0000000008000830        0x0 /opt/st/stm32cubeide_1.14.0/plugins/com.st.stm32cube.ide.mcu.externaltools.gnu-tools-for-stm32.11.3.rel1.linux64_1.1.100.202309141235/tools/bin/../lib/gcc/arm-none-eabi/11.3.1/thumb/v7e-m/nofp/crtbegin.o

.rodata         0x0000000008000830        0x0
                0x0000000008000830                . = ALIGN (0x4)
 *(.rodata)
 *(.rodata*)
                0x0000000008000830                . = ALIGN (0x4)

.ARM.extab      0x0000000008000830        0x0
                0x0000000008000830                . = ALIGN (0x4)
 *(.ARM.extab* .gnu.linkonce.armextab.*)
                0x0000000008000830                . = ALIGN (0x4)

.ARM            0x0000000008000830        0x0
                0x0000000008000830                . = ALIGN (0x4)
                0x0000000008000830                __exidx_start = .
 *(.ARM.exidx*)
                0x0000000008000830                __exidx_end = .
                0x0000000008000830                . = ALIGN (0x4)

.preinit_array  0x0000000008000830        0x0
                0x0000000008000830                . = ALIGN (0x4)
                0x0000000008000830                PROVIDE (__preinit_array_start = .)
 *(.preinit_array*)
                0x0000000008000830                PROVIDE (__preinit_array_end = .)
                0x0000000008000830                . = ALIGN (0x4)

.init_array     0x0000000008000830        0x4
                0x0000000008000830                . = ALIGN (0x4)
                0x0000000008000830                PROVIDE (__init_array_start = .)
 *(SORT_BY_NAME(.init_array.*))
 *(.init_array*)
 .init_array    0x0000000008000830        0x4 /opt/st/stm32cubeide_1.14.0/plugins/com.st.stm32cube.ide.mcu.externaltools.gnu-tools-for-stm32.11.3.rel1.linux64_1.1.100.202309141235/tools/bin/../lib/gcc/arm-none-eabi/11.3.1/thumb/v7e-m/nofp/crtbegin.o
                0x0000000008000834                PROVIDE (__init_array_end = .)
                0x0000000008000834                . = ALIGN (0x4)

.fini_array     0x0000000008000834        0x4
                0x0000000008000834                . = ALIGN (0x4)
                [!provide]                        PROVIDE (__fini_array_start = .)
 *(SORT_BY_NAME(.fini_array.*))
 *(.fini_array*)
 .fini_array    0x0000000008000834        0x4 /opt/st/stm32cubeide_1.14.0/plugins/com.st.stm32cube.ide.mcu.externaltools.gnu-tools-for-stm32.11.3.rel1.linux64_1.1.100.202309141235/tools/bin/../lib/gcc/arm-none-eabi/11.3.1/thumb/v7e-m/nofp/crtbegin.o
                [!provide]                        PROVIDE (__fini_array_end = .)
                0x0000000008000838                . = ALIGN (0x4)
                0x0000000008000838                _sidata = LOADADDR (.data)

.data           0x0000000020000000        0x0 load address 0x0000000008000838
                0x0000000020000000                . = ALIGN (0x4)
                0x0000000020000000                _sdata = .
 *(.data)
 *(.data*)
 *(.RamFunc)
 *(.RamFunc*)
                0x0000000020000000                . = ALIGN (0x4)
                0x0000000020000000                _edata = .

.igot.plt       0x0000000020000000        0x0 load address 0x0000000008000838
 .igot.plt      0x0000000020000000        0x0 /opt/st/stm32cubeide_1.14.0/plugins/com.st.stm32cube.ide.mcu.externaltools.gnu-tools-for-stm32.11.3.rel1.linux64_1.1.100.202309141235/tools/bin/../lib/gcc/arm-none-eabi/11.3.1/thumb/v7e-m/nofp/crtbegin.o
                0x0000000020000000                . = ALIGN (0x4)

.bss            0x0000000020000000       0x1c load address 0x0000000008000838
                0x0000000020000000                _sbss = .
                0x0000000020000000                __bss_start__ = _sbss
 *(.bss)
 .bss           0x0000000020000000       0x1c /opt/st/stm32cubeide_1.14.0/plugins/com.st.stm32cube.ide.mcu.externaltools.gnu-tools-for-stm32.11.3.rel1.linux64_1.1.100.202309141235/tools/bin/../lib/gcc/arm-none-eabi/11.3.1/thumb/v7e-m/nofp/crtbegin.o
 *(.bss*)
 *(COMMON)
                0x000000002000001c                . = ALIGN (0x4)
                0x000000002000001c                _ebss = .
                0x000000002000001c                __bss_end__ = _ebss

._user_heap_stack
                0x000000002000001c      0x604 load address 0x0000000008000838
                0x0000000020000020                . = ALIGN (0x8)
 *fill*         0x000000002000001c        0x4 
                [!provide]                        PROVIDE (end = .)
                0x0000000020000020                PROVIDE (_end = .)
                0x0000000020000220                . = (. + _Min_Heap_Size)
 *fill*         0x0000000020000020      0x200 
                0x0000000020000620                . = (. + _Min_Stack_Size)
 *fill*         0x0000000020000220      0x400 
                0x0000000020000620                . = ALIGN (0x8)

/DISCARD/
 libc.a(*)
 libm.a(*)
 libgcc.a(*)

.ARM.attributes
                0x0000000000000000       0x2a
 *(.ARM.attributes)
 .ARM.attributes
                0x0000000000000000       0x1e /opt/st/stm32cubeide_1.14.0/plugins/com.st.stm32cube.ide.mcu.externaltools.gnu-tools-for-stm32.11.3.rel1.linux64_1.1.100.202309141235/tools/bin/../lib/gcc/arm-none-eabi/11.3.1/thumb/v7e-m/nofp/crti.o
 .ARM.attributes
                0x000000000000001e       0x2e /opt/st/stm32cubeide_1.14.0/plugins/com.st.stm32cube.ide.mcu.externaltools.gnu-tools-for-stm32.11.3.rel1.linux64_1.1.100.202309141235/tools/bin/../lib/gcc/arm-none-eabi/11.3.1/thumb/v7e-m/nofp/crtbegin.o
 .ARM.attributes
                0x000000000000004c       0x2e ./Drivers/Src/stm32f446xx_gpio_driver.o
 .ARM.attributes
                0x000000000000007a       0x2e ./Src/002LED_with_Button.o
 .ARM.attributes
                0x00000000000000a8       0x21 ./Startup/startup_stm32f446retx.o
 .ARM.attributes
                0x00000000000000c9       0x2e /opt/st/stm32cubeide_1.14.0/plugins/com.st.stm32cube.ide.mcu.externaltools.gnu-tools-for-stm32.11.3.rel1.linux64_1.1.100.202309141235/tools/bin/../lib/gcc/arm-none-eabi/11.3.1/../../../../arm-none-eabi/lib/thumb/v7e-m/nofp/libc_nano.a(libc_a-init.o)
 .ARM.attributes
                0x00000000000000f7       0x1e /opt/st/stm32cubeide_1.14.0/plugins/com.st.stm32cube.ide.mcu.externaltools.gnu-tools-for-stm32.11.3.rel1.linux64_1.1.100.202309141235/tools/bin/../lib/gcc/arm-none-eabi/11.3.1/thumb/v7e-m/nofp/crtn.o
OUTPUT(Stm32F446RE_Drivers.elf elf32-littlearm)
LOAD linker stubs
LOAD /opt/st/stm32cubeide_1.14.0/plugins/com.st.stm32cube.ide.mcu.externaltools.gnu-tools-for-stm32.11.3.rel1.linux64_1.1.100.202309141235/tools/bin/../lib/gcc/arm-none-eabi/11.3.1/../../../../arm-none-eabi/lib/thumb/v7e-m/nofp/libc.a
LOAD /opt/st/stm32cubeide_1.14.0/plugins/com.st.stm32cube.ide.mcu.externaltools.gnu-tools-for-stm32.11.3.rel1.linux64_1.1.100.202309141235/tools/bin/../lib/gcc/arm-none-eabi/11.3.1/../../../../arm-none-eabi/lib/thumb/v7e-m/nofp/libm.a
LOAD /opt/st/stm32cubeide_1.14.0/plugins/com.st.stm32cube.ide.mcu.externaltools.gnu-tools-for-stm32.11.3.rel1.linux64_1.1.100.202309141235/tools/bin/../lib/gcc/arm-none-eabi/11.3.1/thumb/v7e-m/nofp/libgcc.a

.comment        0x0000000000000000       0x43
 .comment       0x0000000000000000       0x43 /opt/st/stm32cubeide_1.14.0/plugins/com.st.stm32cube.ide.mcu.externaltools.gnu-tools-for-stm32.11.3.rel1.linux64_1.1.100.202309141235/tools/bin/../lib/gcc/arm-none-eabi/11.3.1/thumb/v7e-m/nofp/crtbegin.o
                                         0x44 (size before relaxing)
 .comment       0x0000000000000043       0x44 ./Drivers/Src/stm32f446xx_gpio_driver.o
 .comment       0x0000000000000043       0x44 ./Src/002LED_with_Button.o

.debug_info     0x0000000000000000      0x9f9
 .debug_info    0x0000000000000000      0x73b ./Drivers/Src/stm32f446xx_gpio_driver.o
 .debug_info    0x000000000000073b      0x29b ./Src/002LED_with_Button.o
 .debug_info    0x00000000000009d6       0x23 ./Startup/startup_stm32f446retx.o

.debug_abbrev   0x0000000000000000      0x2a3
 .debug_abbrev  0x0000000000000000      0x158 ./Drivers/Src/stm32f446xx_gpio_driver.o
 .debug_abbrev  0x0000000000000158      0x139 ./Src/002LED_with_Button.o
 .debug_abbrev  0x0000000000000291       0x12 ./Startup/startup_stm32f446retx.o

.debug_aranges  0x0000000000000000       0xb8
 .debug_aranges
                0x0000000000000000       0x68 ./Drivers/Src/stm32f446xx_gpio_driver.o
 .debug_aranges
                0x0000000000000068       0x28 ./Src/002LED_with_Button.o
 .debug_aranges
                0x0000000000000090       0x28 ./Startup/startup_stm32f446retx.o

.debug_rnglists
                0x0000000000000000       0x7e
 .debug_rnglists
                0x0000000000000000       0x4c ./Drivers/Src/stm32f446xx_gpio_driver.o
 .debug_rnglists
                0x000000000000004c       0x19 ./Src/002LED_with_Button.o
 .debug_rnglists
                0x0000000000000065       0x19 ./Startup/startup_stm32f446retx.o

.debug_macro    0x0000000000000000     0x1573
 .debug_macro   0x0000000000000000       0x81 ./Drivers/Src/stm32f446xx_gpio_driver.o
 .debug_macro   0x0000000000000081      0xaa8 ./Drivers/Src/stm32f446xx_gpio_driver.o
 .debug_macro   0x0000000000000b29       0x22 ./Drivers/Src/stm32f446xx_gpio_driver.o
 .debug_macro   0x0000000000000b4b       0x8e ./Drivers/Src/stm32f446xx_gpio_driver.o
 .debug_macro   0x0000000000000bd9       0x51 ./Drivers/Src/stm32f446xx_gpio_driver.o
 .debug_macro   0x0000000000000c2a      0x103 ./Drivers/Src/stm32f446xx_gpio_driver.o
 .debug_macro   0x0000000000000d2d       0x6a ./Drivers/Src/stm32f446xx_gpio_driver.o
 .debug_macro   0x0000000000000d97      0x1df ./Drivers/Src/stm32f446xx_gpio_driver.o
 .debug_macro   0x0000000000000f76      0x4a6 ./Drivers/Src/stm32f446xx_gpio_driver.o
 .debug_macro   0x000000000000141c       0xc4 ./Drivers/Src/stm32f446xx_gpio_driver.o
 .debug_macro   0x00000000000014e0       0x93 ./Src/002LED_with_Button.o

.debug_line     0x0000000000000000      0xc98
 .debug_line    0x0000000000000000      0x7f8 ./Drivers/Src/stm32f446xx_gpio_driver.o
 .debug_line    0x00000000000007f8      0x425 ./Src/002LED_with_Button.o
 .debug_line    0x0000000000000c1d       0x7b ./Startup/startup_stm32f446retx.o

.debug_str      0x0000000000000000     0x5f55
 .debug_str     0x0000000000000000     0x5ec4 ./Drivers/Src/stm32f446xx_gpio_driver.o
                                       0x6048 (size before relaxing)
 .debug_str     0x0000000000005ec4       0x62 ./Src/002LED_with_Button.o
                                       0x5e08 (size before relaxing)
 .debug_str     0x0000000000005f26       0x2f ./Startup/startup_stm32f446retx.o
                                         0x6c (size before relaxing)

.debug_frame    0x0000000000000000      0x224
 .debug_frame   0x0000000000000000      0x1a0 ./Drivers/Src/stm32f446xx_gpio_driver.o
 .debug_frame   0x00000000000001a0       0x58 ./Src/002LED_with_Button.o
 .debug_frame   0x00000000000001f8       0x2c /opt/st/stm32cubeide_1.14.0/plugins/com.st.stm32cube.ide.mcu.externaltools.gnu-tools-for-stm32.11.3.rel1.linux64_1.1.100.202309141235/tools/bin/../lib/gcc/arm-none-eabi/11.3.1/../../../../arm-none-eabi/lib/thumb/v7e-m/nofp/libc_nano.a(libc_a-init.o)

.debug_line_str
                0x0000000000000000       0x60
 .debug_line_str
                0x0000000000000000       0x60 ./Startup/startup_stm32f446retx.o
                                         0x78 (size before relaxing)
